0<svg viewBox="-8 -4.5 16 9" xmlns="http://www.w3.org/2000/svg" xmlns:xlink="http://www.w3.org/1999/xlink" version="1.1" preserveAspectRatio="none"><g stroke-width="0.05" transform="scale(1, -1)"><rect stroke-width="0" fill="#FFFF00" fill-opacity="1" width="16" height="9" x="-8" y="-4.5" /></g></svg>
1<svg viewBox="-8 -4.5 16 9" xmlns="http://www.w3.org/2000/svg" xmlns:xlink="http://www.w3.org/1999/xlink" version="1.1" preserveAspectRatio="none"><g stroke-width="0.05" transform="scale(1, -1)"><rect stroke-width="0" fill="#FFFF00" fill-opacity="1" width="16" height="9" x="-8" y="-4.5" /></g></svg>
2<svg viewBox="-8 -4.5 16 9" xmlns="http://www.w3.org/2000/svg" xmlns:xlink="http://www.w3.org/1999/xlink" version="1.1" preserveAspectRatio="none"><g stroke-width="0.05" transform="scale(1, -1)"><rect stroke-width="0" fill="#FFFF00" fill-opacity="1" width="16" height="9" x="-8" y="-4.5" /></g></svg>
3<svg viewBox="-8 -4.5 16 9" xmlns="http://www.w3.org/2000/svg" xmlns:xlink="http://www.w3.org/1999/xlink" version="1.1" preserveAspectRatio="none"><g stroke-width="0.05" transform="scale(1, -1)"><rect stroke-width="0" fill="#FFFF00" fill-opacity="1" width="16" height="9" x="-8" y="-4.5" /></g></svg>
4<svg viewBox="-8 -4.5 16 9" xmlns="http://www.w3.org/2000/svg" xmlns:xlink="http://www.w3.org/1999/xlink" version="1.1" preserveAspectRatio="none"><g stroke-width="0.05" transform="scale(1, -1)"><rect stroke-width="0" fill="#FFFF00" fill-opacity="1" width="16" height="9" x="-8" y="-4.5" /></g></svg>
5<svg viewBox="-8 -4.5 16 9" xmlns="http://www.w3.org/2000/svg" xmlns:xlink="http://www.w3.org/1999/xlink" version="1.1" preserveAspectRatio="none"><g stroke-width="0.05" transform="scale(1, -1)"><rect stroke-width="0" fill="#FFFF00" fill-opacity="1" width="16" height="9" x="-8" y="-4.5" /></g></svg>
6<svg viewBox="-8 -4.5 16 9" xmlns="http://www.w3.org/2000/svg" xmlns:xlink="http://www.w3.org/1999/xlink" version="1.1" preserveAspectRatio="none"><g stroke-width="0.05" transform="scale(1, -1)"><rect stroke-width="0" fill="#FFFF00" fill-opacity="1" width="16" height="9" x="-8" y="-4.5" /></g></svg>
7<svg viewBox="-8 -4.5 16 9" xmlns="http://www.w3.org/2000/svg" xmlns:xlink="http://www.w3.org/1999/xlink" version="1.1" preserveAspectRatio="none"><g stroke-width="0.05" transform="scale(1, -1)"><rect stroke-width="0" fill="#FFFF00" fill-opacity="1" width="16" height="9" x="-8" y="-4.5" /></g></svg>
8<svg viewBox="-8 -4.5 16 9" xmlns="http://www.w3.org/2000/svg" xmlns:xlink="http://www.w3.org/1999/xlink" version="1.1" preserveAspectRatio="none"><g stroke-width="0.05" transform="scale(1, -1)"><rect stroke-width="0" fill="#FFFF00" fill-opacity="1" width="16" height="9" x="-8" y="-4.5" /></g></svg>
9<svg viewBox="-8 -4.5 16 9" xmlns="http://www.w3.org/2000/svg" xmlns:xlink="http://www.w3.org/1999/xlink" version="1.1" preserveAspectRatio="none"><g stroke-width="0.05" transform="scale(1, -1)"><rect stroke-width="0" fill="#FFFF00" fill-opacity="1" width="16" height="9" x="-8" y="-4.5" /></g></svg>
