0<svg viewBox="-8 -4.5 16 9" xmlns="http://www.w3.org/2000/svg" xmlns:xlink="http://www.w3.org/1999/xlink" version="1.1" preserveAspectRatio="none"><g stroke-width="0.05" transform="scale(1, -1)"><g><rect stroke-width="0" fill="#FFFFFF" fill-opacity="1" width="16" height="9" x="-8" y="-4.5" /><g stroke-width="0.1" stroke="#000000" fill-opacity="0"><g><g transform="translate(-4, 2.25)"><path d="M-1,0 C-1,0 -1,0 -1,0" /></g><g transform="translate(4, 2.25)"><path stroke-linecap="square" d="M-1,-1 L-1,-1" /></g><g transform="translate(-4, -2.25)"><path d="M-1,0 C-1,0 -1,0 -1,0" /></g><g transform="translate(4, -2.25)"><path d="M-1,-1 L-1,-1" /></g></g></g></g></g></svg>
1<svg viewBox="-8 -4.5 16 9" xmlns="http://www.w3.org/2000/svg" xmlns:xlink="http://www.w3.org/1999/xlink" version="1.1" preserveAspectRatio="none"><g stroke-width="0.05" transform="scale(1, -1)"><g><rect stroke-width="0" fill="#FFFFFF" fill-opacity="1" width="16" height="9" x="-8" y="-4.5" /><g stroke-width="0.1" stroke="#000000" fill-opacity="0"><g><g transform="translate(-4, 2.25)"><path d="M-1,0 C-1,0.24546 -0.911562,0.470264 -0.764813,0.644287" /></g><g transform="translate(4, 2.25)"><path stroke-linecap="square" d="M-1,-1 L-0.111111,-1" /></g><g transform="translate(-4, -2.25)"><path d="M-1,0 C-1,0.12273 -0.911562,0.235132 -0.764813,0.322144" /></g><g transform="translate(4, -2.25)"><path d="M-1,-1 L-0.777778,-0.777778" /></g></g></g></g></g></svg>
2<svg viewBox="-8 -4.5 16 9" xmlns="http://www.w3.org/2000/svg" xmlns:xlink="http://www.w3.org/1999/xlink" version="1.1" preserveAspectRatio="none"><g stroke-width="0.05" transform="scale(1, -1)"><g><rect stroke-width="0" fill="#FFFFFF" fill-opacity="1" width="16" height="9" x="-8" y="-4.5" /><g stroke-width="0.1" stroke="#000000" fill-opacity="0"><g><g transform="translate(-4, 2.25)"><path d="M-1,0 C-1,0.49092 -0.64625,0.899217 -0.179751,0.983889" /></g><g transform="translate(4, 2.25)"><path stroke-linecap="square" d="M-1,-1 L0.777778,-1" /></g><g transform="translate(-4, -2.25)"><path d="M-1,0 C-1,0.24546 -0.64625,0.449608 -0.179751,0.491944" /></g><g transform="translate(4, -2.25)"><path d="M-1,-1 L-0.555556,-0.555556" /></g></g></g></g></g></svg>
3<svg viewBox="-8 -4.5 16 9" xmlns="http://www.w3.org/2000/svg" xmlns:xlink="http://www.w3.org/1999/xlink" version="1.1" preserveAspectRatio="none"><g stroke-width="0.05" transform="scale(1, -1)"><g><rect stroke-width="0" fill="#FFFFFF" fill-opacity="1" width="16" height="9" x="-8" y="-4.5" /><g stroke-width="0.1" stroke="#000000" fill-opacity="0"><g><g transform="translate(-4, 2.25)"><path d="M-1,0 C-1,0.552285 -0.552285,1 0,1 C0.184095,1 0.356571,0.950254 0.504719,0.863471" /></g><g transform="translate(4, 2.25)"><path stroke-linecap="square" d="M-1,-1 L1,-1 L1,-0.333333" /></g><g transform="translate(-4, -2.25)"><path d="M-1,0 C-1,0.276142 -0.552285,0.5 0,0.5 C0.184095,0.5 0.356571,0.475127 0.504719,0.431735" /></g><g transform="translate(4, -2.25)"><path d="M-1,-1 L-0.333333,-0.333333" /></g></g></g></g></g></svg>
4<svg viewBox="-8 -4.5 16 9" xmlns="http://www.w3.org/2000/svg" xmlns:xlink="http://www.w3.org/1999/xlink" version="1.1" preserveAspectRatio="none"><g stroke-width="0.05" transform="scale(1, -1)"><g><rect stroke-width="0" fill="#FFFFFF" fill-opacity="1" width="16" height="9" x="-8" y="-4.5" /><g stroke-width="0.1" stroke="#000000" fill-opacity="0"><g><g transform="translate(-4, 2.25)"><path d="M-1,0 C-1,0.552285 -0.552285,1 0,1 C0.429555,1 0.795852,0.72916 0.937437,0.348932" /></g><g transform="translate(4, 2.25)"><path stroke-linecap="square" d="M-1,-1 L1,-1 L1,0.555556" /></g><g transform="translate(-4, -2.25)"><path d="M-1,0 C-1,0.276142 -0.552285,0.5 0,0.5 C0.429555,0.5 0.795852,0.36458 0.937437,0.174466" /></g><g transform="translate(4, -2.25)"><path d="M-1,-1 L-0.111111,-0.111111" /></g></g></g></g></g></svg>
5<svg viewBox="-8 -4.5 16 9" xmlns="http://www.w3.org/2000/svg" xmlns:xlink="http://www.w3.org/1999/xlink" version="1.1" preserveAspectRatio="none"><g stroke-width="0.05" transform="scale(1, -1)"><g><rect stroke-width="0" fill="#FFFFFF" fill-opacity="1" width="16" height="9" x="-8" y="-4.5" /><g stroke-width="0.1" stroke="#000000" fill-opacity="0"><g><g transform="translate(-4, 2.25)"><path d="M-1,0 C-1,0.552285 -0.552285,1 0,1 C0.552285,1 1,0.552285 1,0 C1,-0.12273 0.977891,-0.240296 0.937437,-0.348932" /></g><g transform="translate(4, 2.25)"><path stroke-linecap="square" d="M-1,-1 L1,-1 L1,1 L0.555556,1" /></g><g transform="translate(-4, -2.25)"><path d="M-1,0 C-1,0.276142 -0.552285,0.5 0,0.5 C0.552285,0.5 1,0.276142 1,0 C1,-0.061365 0.977891,-0.120148 0.937437,-0.174466" /></g><g transform="translate(4, -2.25)"><path d="M-1,-1 L0.111111,0.111111" /></g></g></g></g></g></svg>
6<svg viewBox="-8 -4.5 16 9" xmlns="http://www.w3.org/2000/svg" xmlns:xlink="http://www.w3.org/1999/xlink" version="1.1" preserveAspectRatio="none"><g stroke-width="0.05" transform="scale(1, -1)"><g><rect stroke-width="0" fill="#FFFFFF" fill-opacity="1" width="16" height="9" x="-8" y="-4.5" /><g stroke-width="0.1" stroke="#000000" fill-opacity="0"><g><g transform="translate(-4, 2.25)"><path d="M-1,0 C-1,0.552285 -0.552285,1 0,1 C0.552285,1 1,0.552285 1,0 C1,-0.36819 0.801015,-0.689904 0.504719,-0.863471" /></g><g transform="translate(4, 2.25)"><path stroke-linecap="square" d="M-1,-1 L1,-1 L1,1 L-0.333333,1" /></g><g transform="translate(-4, -2.25)"><path d="M-1,0 C-1,0.276142 -0.552285,0.5 0,0.5 C0.552285,0.5 1,0.276142 1,0 C1,-0.184095 0.801015,-0.344952 0.504719,-0.431735" /></g><g transform="translate(4, -2.25)"><path d="M-1,-1 L0.333333,0.333333" /></g></g></g></g></g></svg>
7<svg viewBox="-8 -4.5 16 9" xmlns="http://www.w3.org/2000/svg" xmlns:xlink="http://www.w3.org/1999/xlink" version="1.1" preserveAspectRatio="none"><g stroke-width="0.05" transform="scale(1, -1)"><g><rect stroke-width="0" fill="#FFFFFF" fill-opacity="1" width="16" height="9" x="-8" y="-4.5" /><g stroke-width="0.1" stroke="#000000" fill-opacity="0"><g><g transform="translate(-4, 2.25)"><path d="M-1,0 C-1,0.552285 -0.552285,1 0,1 C0.552285,1 1,0.552285 1,0 C1,-0.552285 0.552285,-1 0,-1 C-0.061365,-1 -0.121439,-0.994473 -0.179751,-0.983889" /></g><g transform="translate(4, 2.25)"><path stroke-linecap="square" d="M-1,-1 L1,-1 L1,1 L-1,1 L-1,0.777778" /></g><g transform="translate(-4, -2.25)"><path d="M-1,0 C-1,0.276142 -0.552285,0.5 0,0.5 C0.552285,0.5 1,0.276142 1,0 C1,-0.276142 0.552285,-0.5 0,-0.5 C-0.061365,-0.5 -0.121439,-0.497236 -0.179751,-0.491944" /></g><g transform="translate(4, -2.25)"><path d="M-1,-1 L0.555556,0.555556" /></g></g></g></g></g></svg>
8<svg viewBox="-8 -4.5 16 9" xmlns="http://www.w3.org/2000/svg" xmlns:xlink="http://www.w3.org/1999/xlink" version="1.1" preserveAspectRatio="none"><g stroke-width="0.05" transform="scale(1, -1)"><g><rect stroke-width="0" fill="#FFFFFF" fill-opacity="1" width="16" height="9" x="-8" y="-4.5" /><g stroke-width="0.1" stroke="#000000" fill-opacity="0"><g><g transform="translate(-4, 2.25)"><path d="M-1,0 C-1,0.552285 -0.552285,1 0,1 C0.552285,1 1,0.552285 1,0 C1,-0.552285 0.552285,-1 0,-1 C-0.306825,-1 -0.581375,-0.861816 -0.764813,-0.644287" /></g><g transform="translate(4, 2.25)"><path stroke-linecap="square" d="M-1,-1 L1,-1 L1,1 L-1,1 L-1,-0.111111" /></g><g transform="translate(-4, -2.25)"><path d="M-1,0 C-1,0.276142 -0.552285,0.5 0,0.5 C0.552285,0.5 1,0.276142 1,0 C1,-0.276142 0.552285,-0.5 0,-0.5 C-0.306825,-0.5 -0.581375,-0.430908 -0.764813,-0.322144" /></g><g transform="translate(4, -2.25)"><path d="M-1,-1 L0.777778,0.777778" /></g></g></g></g></g></svg>
9<svg viewBox="-8 -4.5 16 9" xmlns="http://www.w3.org/2000/svg" xmlns:xlink="http://www.w3.org/1999/xlink" version="1.1" preserveAspectRatio="none"><g stroke-width="0.05" transform="scale(1, -1)"><g><rect stroke-width="0" fill="#FFFFFF" fill-opacity="1" width="16" height="9" x="-8" y="-4.5" /><g stroke-width="0.1" stroke="#000000" fill-opacity="0"><g><g transform="translate(-4, 2.25)"><path d="M-1,0 a1 1 0 1 0 2,0 1 1 0 1 0 -2,0" /></g><g transform="translate(4, 2.25)"><path stroke-linecap="square" d="M-1,-1 h2 v2 h-2 Z" /></g><g transform="translate(-4, -2.25)"><path d="M-1,0 a1 0.5 0 1 0 2,0 1 0.5 0 1 0 -2,0" /></g><g transform="translate(4, -2.25)"><path d="M-1,-1 L1,1" /></g></g></g></g></g></svg>
