0<svg viewBox="-8 -4.5 16 9" xmlns="http://www.w3.org/2000/svg" xmlns:xlink="http://www.w3.org/1999/xlink" version="1.1" preserveAspectRatio="none"><g stroke-width="0.05" transform="scale(1, -1)"><g><rect stroke-width="0" fill="#FFFFFF" fill-opacity="1" width="16" height="9" x="-8" y="-4.5" /><g stroke-width="0.1" stroke="#000000" fill-opacity="0"><path stroke-linecap="square" d="M-4,-2.25 L-4,-2.25" /></g></g></g></svg>
1<svg viewBox="-8 -4.5 16 9" xmlns="http://www.w3.org/2000/svg" xmlns:xlink="http://www.w3.org/1999/xlink" version="1.1" preserveAspectRatio="none"><g stroke-width="0.05" transform="scale(1, -1)"><g><rect stroke-width="0" fill="#FFFFFF" fill-opacity="1" width="16" height="9" x="-8" y="-4.5" /><g stroke-width="0.1" stroke="#000000" fill-opacity="0"><path stroke-linecap="square" d="M-4,-2.25 L-1.222222,-2.25" /></g></g></g></svg>
2<svg viewBox="-8 -4.5 16 9" xmlns="http://www.w3.org/2000/svg" xmlns:xlink="http://www.w3.org/1999/xlink" version="1.1" preserveAspectRatio="none"><g stroke-width="0.05" transform="scale(1, -1)"><g><rect stroke-width="0" fill="#FFFFFF" fill-opacity="1" width="16" height="9" x="-8" y="-4.5" /><g stroke-width="0.1" stroke="#000000" fill-opacity="0"><path stroke-linecap="square" d="M-4,-2.25 L1.555556,-2.25" /></g></g></g></svg>
3<svg viewBox="-8 -4.5 16 9" xmlns="http://www.w3.org/2000/svg" xmlns:xlink="http://www.w3.org/1999/xlink" version="1.1" preserveAspectRatio="none"><g stroke-width="0.05" transform="scale(1, -1)"><g><rect stroke-width="0" fill="#FFFFFF" fill-opacity="1" width="16" height="9" x="-8" y="-4.5" /><g stroke-width="0.1" stroke="#000000" fill-opacity="0"><path stroke-linecap="square" d="M-4,-2.25 L4,-2.25 L4,-1.916667" /></g></g></g></svg>
4<svg viewBox="-8 -4.5 16 9" xmlns="http://www.w3.org/2000/svg" xmlns:xlink="http://www.w3.org/1999/xlink" version="1.1" preserveAspectRatio="none"><g stroke-width="0.05" transform="scale(1, -1)"><g><rect stroke-width="0" fill="#FFFFFF" fill-opacity="1" width="16" height="9" x="-8" y="-4.5" /><g stroke-width="0.1" stroke="#000000" fill-opacity="0"><path stroke-linecap="square" d="M-4,-2.25 L4,-2.25 L4,0.861111" /></g></g></g></svg>
5<svg viewBox="-8 -4.5 16 9" xmlns="http://www.w3.org/2000/svg" xmlns:xlink="http://www.w3.org/1999/xlink" version="1.1" preserveAspectRatio="none"><g stroke-width="0.05" transform="scale(1, -1)"><g><rect stroke-width="0" fill="#FFFFFF" fill-opacity="1" width="16" height="9" x="-8" y="-4.5" /><g stroke-width="0.1" stroke="#000000" fill-opacity="0"><path stroke-linecap="square" d="M-4,-2.25 L4,-2.25 L4,2.25 L2.611111,2.25" /></g></g></g></svg>
6<svg viewBox="-8 -4.5 16 9" xmlns="http://www.w3.org/2000/svg" xmlns:xlink="http://www.w3.org/1999/xlink" version="1.1" preserveAspectRatio="none"><g stroke-width="0.05" transform="scale(1, -1)"><g><rect stroke-width="0" fill="#FFFFFF" fill-opacity="1" width="16" height="9" x="-8" y="-4.5" /><g stroke-width="0.1" stroke="#000000" fill-opacity="0"><path stroke-linecap="square" d="M-4,-2.25 L4,-2.25 L4,2.25 L-0.166667,2.25" /></g></g></g></svg>
7<svg viewBox="-8 -4.5 16 9" xmlns="http://www.w3.org/2000/svg" xmlns:xlink="http://www.w3.org/1999/xlink" version="1.1" preserveAspectRatio="none"><g stroke-width="0.05" transform="scale(1, -1)"><g><rect stroke-width="0" fill="#FFFFFF" fill-opacity="1" width="16" height="9" x="-8" y="-4.5" /><g stroke-width="0.1" stroke="#000000" fill-opacity="0"><path stroke-linecap="square" d="M-4,-2.25 L4,-2.25 L4,2.25 L-2.944444,2.25" /></g></g></g></svg>
8<svg viewBox="-8 -4.5 16 9" xmlns="http://www.w3.org/2000/svg" xmlns:xlink="http://www.w3.org/1999/xlink" version="1.1" preserveAspectRatio="none"><g stroke-width="0.05" transform="scale(1, -1)"><g><rect stroke-width="0" fill="#FFFFFF" fill-opacity="1" width="16" height="9" x="-8" y="-4.5" /><g stroke-width="0.1" stroke="#000000" fill-opacity="0"><path stroke-linecap="square" d="M-4,-2.25 L4,-2.25 L4,2.25 L-4,2.25 L-4,0.527778" /></g></g></g></svg>
9<svg viewBox="-8 -4.5 16 9" xmlns="http://www.w3.org/2000/svg" xmlns:xlink="http://www.w3.org/1999/xlink" version="1.1" preserveAspectRatio="none"><g stroke-width="0.05" transform="scale(1, -1)"><g><rect stroke-width="0" fill="#FFFFFF" fill-opacity="1" width="16" height="9" x="-8" y="-4.5" /><g stroke-width="0.1" stroke="#000000" fill-opacity="0"><path stroke-linecap="square" d="M-4,-2.25 h8 v4.5 h-8 Z" /></g></g></g></svg>
